{
  "version": "1.5.44",
  "plugins_used": [
    {
      "name": "ArtifactoryDetector"
    },
    {
      "name": "AWSKeyDetector"
    },
    {
      "name": "AzureStorageKeyDetector"
    },
    {
      "name": "Base64HighEntropyString",
      "limit": 4.5
    },
    {
      "name": "BasicAuthDetector"
    },
    {
      "name": "CloudantDetector"
    },
    {
      "name": "DiscordBotTokenDetector"
    },
    {
      "name": "GitHubTokenDetector"
    },
    {
      "name": "HexHighEntropyString",
      "limit": 3.0
    },
    {
      "name": "IbmCloudIamDetector"
    },
    {
      "name": "IbmCosHmacDetector"
    },
    {
      "name": "JwtTokenDetector"
    },
    {
      "name": "KeywordDetector",
      "keyword_exclude": ""
    },
    {
      "name": "MailchimpDetector"
    },
    {
      "name": "NpmDetector"
    },
    {
      "name": "PrivateKeyDetector"
    },
    {
      "name": "SendGridDetector"
    },
    {
      "name": "SlackDetector"
    },
    {
      "name": "SoftlayerDetector"
    },
    {
      "name": "SquareOAuthDetector"
    },
    {
      "name": "StripeDetector"
    },
    {
      "name": "TwilioKeyDetector"
    }
  ],
  "filters_used": [
    {
      "path": "detect_secrets.filters.allowlist.is_line_allowlisted"
    },
    {
      "path": "detect_secrets.filters.common.is_baseline_file",
      "filename": ".secrets.baseline"
    },
    {
      "path": "detect_secrets.filters.common.is_ignored_due_to_verification_policies",
      "min_level": 2
    },
    {
      "path": "detect_secrets.filters.heuristic.is_indirect_reference"
    },
    {
      "path": "detect_secrets.filters.heuristic.is_likely_id_string"
    },
    {
      "path": "detect_secrets.filters.heuristic.is_lock_file"
    },
    {
      "path": "detect_secrets.filters.heuristic.is_not_alphanumeric_string"
    },
    {
      "path": "detect_secrets.filters.heuristic.is_potential_uuid"
    },
    {
      "path": "detect_secrets.filters.heuristic.is_prefixed_with_dollar_sign"
    },
    {
      "path": "detect_secrets.filters.heuristic.is_sequential_string"
    },
    {
      "path": "detect_secrets.filters.heuristic.is_swagger_file"
    },
    {
      "path": "detect_secrets.filters.heuristic.is_templated_secret"
    },
    {
      "path": "detect_secrets.filters.regex.should_exclude_file",
      "pattern": [
        "__pycache__",
        "\\.pyc$",
        "\\.egg-info",
        "^\\.git/",
        "^pixi\\.lock$"
      ]
    }
  ],
  "results": {
    ".github/workflows/cleanup-caller-example.yml": [
      {
        "type": "Secret Keyword",
        "filename": ".github/workflows/cleanup-caller-example.yml",
        "hashed_secret": "3e26d6750975d678acb8fa35a0f69237881576b0",
        "is_verified": false,
        "line_number": 57,
        "is_added": false,
        "is_removed": false
      }
    ],
    ".github/workflows/reusable-ci.yml": [
      {
        "type": "Secret Keyword",
        "filename": ".github/workflows/reusable-ci.yml",
        "hashed_secret": "5a4fe08359c7f97380e408c717ef42c86939cd86",
        "is_verified": false,
        "line_number": 864,
        "is_added": false,
        "is_removed": false
      },
      {
        "type": "Basic Auth Credentials",
        "filename": ".github/workflows/reusable-ci.yml",
        "hashed_secret": "5a4fe08359c7f97380e408c717ef42c86939cd86",
        "is_verified": false,
        "line_number": 878,
        "is_added": false,
        "is_removed": false
      }
    ],
    "docs/best-practices/performance-benchmarking-patterns.md": [
      {
        "type": "Secret Keyword",
        "filename": "docs/best-practices/performance-benchmarking-patterns.md",
        "hashed_secret": "206c80413b9a96c1312cc346b7d2517b84463edd",
        "is_verified": false,
        "line_number": 392,
        "is_added": false,
        "is_removed": false
      }
    ],
    "docs/ci-workflow-guide.md": [
      {
        "type": "Basic Auth Credentials",
        "filename": "docs/ci-workflow-guide.md",
        "hashed_secret": "afc848c316af1a89d49826c5ae9d00ed769415f3",
        "is_verified": false,
        "line_number": 247,
        "is_added": false,
        "is_removed": false
      }
    ],
    "docs/examples/interactive/troubleshooting-guide.md": [
      {
        "type": "Secret Keyword",
        "filename": "docs/examples/interactive/troubleshooting-guide.md",
        "hashed_secret": "db1530e1ea43af094d3d75b8dbaf19a4a182a318",
        "is_verified": false,
        "line_number": 208,
        "is_added": false,
        "is_removed": false
      }
    ],
    "docs/examples/project-types.md": [
      {
        "type": "Basic Auth Credentials",
        "filename": "docs/examples/project-types.md",
        "hashed_secret": "afc848c316af1a89d49826c5ae9d00ed769415f3",
        "is_verified": false,
        "line_number": 542,
        "is_added": false,
        "is_removed": false
      }
    ],
    "docs/quick-start/new-project.md": [
      {
        "type": "Base64 High Entropy String",
        "filename": "docs/quick-start/new-project.md",
        "hashed_secret": "c65ef931f72220fdca681fb8c032fb6e06386378",
        "is_verified": false,
        "line_number": 70,
        "is_added": false,
        "is_removed": false
      }
    ],
    "docs/troubleshooting.md": [
      {
        "type": "Secret Keyword",
        "filename": "docs/troubleshooting.md",
        "hashed_secret": "7288edd0fc3ffcbe93a0cf06e3568e28521687bc",
        "is_verified": false,
        "line_number": 230,
        "is_added": false,
        "is_removed": false
      },
      {
        "type": "Secret Keyword",
        "filename": "docs/troubleshooting.md",
        "hashed_secret": "cbfdac6008f9cab4083784cbd1874f76618d2a97",
        "is_verified": false,
        "line_number": 582,
        "is_added": false,
        "is_removed": false
      }
    ],
    "docs/tutorials/video-scripts/05-security-scanning-walkthrough.md": [
      {
        "type": "Secret Keyword",
        "filename": "docs/tutorials/video-scripts/05-security-scanning-walkthrough.md",
        "hashed_secret": "159920628cb789601a3ef7859918baa2e9ea7d15",
        "is_verified": false,
        "line_number": 93,
        "is_added": false,
        "is_removed": false
      }
    ],
    "framework/tests/integration/test_security_scan_action.py": [
      {
        "type": "Secret Keyword",
        "filename": "framework/tests/integration/test_security_scan_action.py",
        "hashed_secret": "8ce3e63d558b8a89b60991a1934e5ca3df4b6822",
        "is_verified": false,
        "line_number": 138,
        "is_added": false,
        "is_removed": false
      }
    ],
    "framework/tests/reporting/test_reporting_integration.py": [
      {
        "type": "Hex High Entropy String",
        "filename": "framework/tests/reporting/test_reporting_integration.py",
        "hashed_secret": "90bd1b48e958257948487b90bee080ba5ed00caa",
        "is_verified": false,
        "line_number": 336,
        "is_added": false,
        "is_removed": false
      }
    ],
    "framework/tests/workflows/test_pixi_quality_tasks.py": [
      {
        "type": "Secret Keyword",
        "filename": "framework/tests/workflows/test_pixi_quality_tasks.py",
        "hashed_secret": "88ef5ae1e39ef4825a7742414f5bc59eeabb66c8",
        "is_verified": false,
        "line_number": 644,
        "is_added": false,
        "is_removed": false
      }
    ],
    "framework/tests/workflows/test_python_ci_template.py": [
      {
        "type": "Hex High Entropy String",
        "filename": "framework/tests/workflows/test_python_ci_template.py",
        "hashed_secret": "90bd1b48e958257948487b90bee080ba5ed00caa",
        "is_verified": false,
        "line_number": 635,
        "is_added": false,
        "is_removed": false
      }
    ],
    "pyproject.toml": [
      {
        "type": "Secret Keyword",
        "filename": "pyproject.toml",
        "hashed_secret": "dba89b9be333829b10ec1a02350b0e1836112b7c",
        "is_verified": false,
        "line_number": 291,
        "is_added": false,
        "is_removed": false
      }
    ]
  },
  "generated_at": "2026-09-12T15:51:03Z"
}
